// Vitest Snapshot v1, https://vitest.dev/guide/snapshot.html

exports[`URL Storage - Serialization Roundtrip > should snapshot URL format for regression prevention 1`] = `"/simulator#storage-state=N4IgzgLghhCmIC5QQPYAcUBsUHMCeiyea8C40AdgCZQBOVIANCJrAG6yaIgBKAggEkAIgDYQAX2ZVaASw4BhFAFcKERCMkgOtMDJQVEARnFA"`;
